// Jest Snapshot v1, https://jestjs.io/docs/snapshot-testing

exports[`Database 01 1`] = `
[
  {
    "COLUMN_NAME": "id",
    "COLUMN_TYPE": "int",
    "TABLE_NAME": "subjects",
  },
  {
    "COLUMN_NAME": "name",
    "COLUMN_TYPE": "text",
    "TABLE_NAME": "subjects",
  },
  {
    "COLUMN_NAME": "id",
    "COLUMN_TYPE": "int",
    "TABLE_NAME": "provinces",
  },
  {
    "COLUMN_NAME": "name",
    "COLUMN_TYPE": "text",
    "TABLE_NAME": "provinces",
  },
  {
    "COLUMN_NAME": "region",
    "COLUMN_TYPE": "enum('Central','North','Northeast','West','East','South')",
    "TABLE_NAME": "provinces",
  },
  {
    "COLUMN_NAME": "id",
    "COLUMN_TYPE": "int",
    "TABLE_NAME": "schools",
  },
  {
    "COLUMN_NAME": "name",
    "COLUMN_TYPE": "text",
    "TABLE_NAME": "schools",
  },
  {
    "COLUMN_NAME": "province",
    "COLUMN_TYPE": "int",
    "TABLE_NAME": "schools",
  },
  {
    "COLUMN_NAME": "id",
    "COLUMN_TYPE": "int",
    "TABLE_NAME": "students",
  },
  {
    "COLUMN_NAME": "name",
    "COLUMN_TYPE": "text",
    "TABLE_NAME": "students",
  },
  {
    "COLUMN_NAME": "school",
    "COLUMN_TYPE": "int",
    "TABLE_NAME": "students",
  },
  {
    "COLUMN_NAME": "student",
    "COLUMN_TYPE": "int",
    "TABLE_NAME": "exam_scores",
  },
  {
    "COLUMN_NAME": "subject",
    "COLUMN_TYPE": "int",
    "TABLE_NAME": "exam_scores",
  },
  {
    "COLUMN_NAME": "score",
    "COLUMN_TYPE": "int",
    "TABLE_NAME": "exam_scores",
  },
  {
    "COLUMN_NAME": "id",
    "COLUMN_TYPE": "int",
    "TABLE_NAME": "special_contributions",
  },
  {
    "COLUMN_NAME": "donor_name",
    "COLUMN_TYPE": "text",
    "TABLE_NAME": "special_contributions",
  },
  {
    "COLUMN_NAME": "amount",
    "COLUMN_TYPE": "int",
    "TABLE_NAME": "special_contributions",
  },
  {
    "COLUMN_NAME": "purpose",
    "COLUMN_TYPE": "text",
    "TABLE_NAME": "special_contributions",
  },
]
`;

exports[`Database 02 1`] = `
[
  {
    "id": 48,
    "name": "กชามาศ มณีสีสุก",
    "school": "โรงเรียนบ้านปราบราษฏร์อุทิศ",
  },
  {
    "id": 1165,
    "name": "กชามาศ วารีศรี",
    "school": "โรงเรียนวัดบ้านลุ่ม",
  },
  {
    "id": 324,
    "name": "กนกพร เจียวนอก",
    "school": "โรงเรียนบ้านท่าไทร",
  },
  {
    "id": 727,
    "name": "กมลรัตน์ นรินทรางกูร",
    "school": "โรงเรียนบ้านหนองหว้า",
  },
  {
    "id": 227,
    "name": "กมลศรี เกิดสีสุก",
    "school": "โรงเรียนวัดคงคาวดี",
  },
  {
    "id": 1072,
    "name": "กรณินทร์ เจียวกระโทก",
    "school": "โรงเรียนชูศิลป์วิทยา",
  },
  {
    "id": 1147,
    "name": "กรรณิกา เจียวจันทึก",
    "school": "โรงเรียนวัดบางโทง",
  },
  {
    "id": 1447,
    "name": "กรรณิการ์ รอดแก้ว",
    "school": "โรงเรียนบ้านห้วยกรวด",
  },
  {
    "id": 2232,
    "name": "กรองทอง อิศรางกูร",
    "school": "โรงเรียนบ้านหน้าเขา",
  },
  {
    "id": 1438,
    "name": "กรองทอง เจียวสีสุก",
    "school": "โรงเรียนวัดเทพนิมิตร",
  },
  {
    "id": 855,
    "name": "กฤตานน บุรณศิริ",
    "school": "โรงเรียนบ้านโคกตีเต",
  },
  {
    "id": 1222,
    "name": "กล่ำคาน เกิดจันทึก",
    "school": "โรงเรียนวัดบางสวรรค์",
  },
  {
    "id": 786,
    "name": "กวินทิพย์ อินทโชติ",
    "school": "โรงเรียนบ้านเขารักษ์",
  },
  {
    "id": 310,
    "name": "กวีรภัทร หนอกนอก",
    "school": "โรงเรียนจงหัว",
  },
  {
    "id": 1080,
    "name": "กษิดิส จันทโชติ",
    "school": "โรงเรียนบ้านแสนสุข",
  },
  {
    "id": 1074,
    "name": "กัญญาณี กีรติวัฒนานุศาสน์-ชาญโลหะ",
    "school": "โรงเรียนบ้านควนสินชัย",
  },
  {
    "id": 2378,
    "name": "กัญญารัตน์ เกิดนอก",
    "school": "โรงเรียนบ้านดอนโตนด",
  },
  {
    "id": 2258,
    "name": "กันยารัตน์ แซ่อู๋",
    "school": "โรงเรียนบ้านเจ้าขรัว",
  },
  {
    "id": 2472,
    "name": "กัลยาณี เกิดสีสุก",
    "school": "โรงเรียนบ้านบางปาน",
  },
  {
    "id": 47,
    "name": "กาญจนา กีรติวัฒนานุศาสน์-นาคสวัสดิ์",
    "school": "โรงเรียนวัดหัวเขาชัยสน",
  },
  {
    "id": 418,
    "name": "กาญจนิจนันท์ สมุทบาล",
    "school": "โรงเรียนบ้านเกาะแก้ว",
  },
  {
    "id": 2842,
    "name": "กานต์ธนิต เทิบค้างพลู",
    "school": "โรงเรียนบ้านหนองหอยโข่ง",
  },
  {
    "id": 774,
    "name": "กิจดี ศิริกุล",
    "school": "โรงเรียนวัดสุธรรมาราม",
  },
  {
    "id": 290,
    "name": "กิตติพงค์ หนอกกระโทก-นรินทรกุล",
    "school": "โรงเรียนบ้านย่านดินแดง",
  },
  {
    "id": 2971,
    "name": "กิตติยาภรณ์ แขค้างพลู",
    "school": "โรงเรียนบ้านบ่อโชน",
  },
  {
    "id": 740,
    "name": "กีรติกา หยูด้วง",
    "school": "โรงเรียนชุมชนบ้านปาแดปาลัส",
  },
  {
    "id": 1410,
    "name": "กุลสิริ วงศา",
    "school": "โรงเรียนบ้านเขาพาง",
  },
  {
    "id": 358,
    "name": "ขจิตลักษณ์ ณ นคร",
    "school": "โรงเรียนบ้านศาลาใหม่",
  },
  {
    "id": 1128,
    "name": "ขนิษฐา แขสีสุก",
    "school": "โรงเรียนบ้านสหกรณ์",
  },
  {
    "id": 1710,
    "name": "ขวัญมาศ มณีจันทึก",
    "school": "โรงเรียนบ้านกะตะ (ตรีทศยุทธอุปถัมภ์)",
  },
  {
    "id": 905,
    "name": "ขวัญรัตน์ พลจรัส",
    "school": "โรงเรียนพิริยะศึกษา",
  },
  {
    "id": 707,
    "name": "ขวัญรัตน์ พลจรัส",
    "school": "โรงเรียนบ้านตาชี",
  },
  {
    "id": 2040,
    "name": "ขวัญเนตร อมาตยกุล",
    "school": "โรงเรียนบ้านเขาดิน",
  },
  {
    "id": 2945,
    "name": "ขวัญเรือน บางสีสุก",
    "school": "โรงเรียนวัดศรีสุนทร (มิตรภาพ 15)",
  },
  {
    "id": 2132,
    "name": "คงกระพัน งามสีสุก",
    "school": "โรงเรียนท่าฉางวิทยาคาร",
  },
  {
    "id": 1157,
    "name": "คณาพฤฒ ณ บางช้าง",
    "school": "โรงเรียนท่าแพผดุงวิทย์",
  },
  {
    "id": 2319,
    "name": "คุ้ง หนอกจันทึก",
    "school": "โรงเรียนบ้านบาเจาะ",
  },
  {
    "id": 749,
    "name": "คุ้ง แซ่ลิ้ม",
    "school": "โรงเรียนธรรมศาสตร์ - จุฬา 1",
  },
  {
    "id": 1815,
    "name": "จริญญา บางพิมาย",
    "school": "โรงเรียนวัดหัวลำภู",
  },
  {
    "id": 1062,
    "name": "จริยวัตร สมตระกูล",
    "school": "โรงเรียนวัดวังเลา",
  },
  {
    "id": 2821,
    "name": "จอมพล มธุรส",
    "school": "โรงเรียนศรีนคร",
  },
  {
    "id": 1845,
    "name": "จันติมา แขนอก",
    "school": "โรงเรียนผังปาล์ม 4",
  },
  {
    "id": 2058,
    "name": "จันทนิภา สมุทบาล",
    "school": "โรงเรียนบ้านทับไทร",
  },
  {
    "id": 2654,
    "name": "จันทรา แซ่เฉิน",
    "school": "โรงเรียนบ้านน้ำลอดน้อย",
  },
  {
    "id": 1507,
    "name": "จาตุรภัทร นาคสวัสดิ์",
    "school": "โรงเรียนห้วยนางราษฏร์บำรุง",
  },
  {
    "id": 2565,
    "name": "จารุวรรณ สมุทบาล-บางสีสุก",
    "school": "โรงเรียนบ้านควนหรัน",
  },
  {
    "id": 1235,
    "name": "จำนาญ บางพิมาย",
    "school": "โรงเรียนบ้านหน้าวัดโพธิ์",
  },
  {
    "id": 2394,
    "name": "จิตต์นิภา หนอกสีสุก",
    "school": "โรงเรียนต้นบากราษฎร์บำรุง",
  },
  {
    "id": 2723,
    "name": "จินตนา วงศ์นอก",
    "school": "โรงเรียนบ้านเกาะปราง",
  },
  {
    "id": 90,
    "name": "จิรสุดา มณีจันทึก",
    "school": "โรงเรียนวัดนาหมอบุญ",
  },
  {
    "id": 1726,
    "name": "จิรสุดา หนอกพิมาย",
    "school": "โรงเรียนบางขันวิทยา",
  },
  {
    "id": 2680,
    "name": "จิระพงศ์ สุจริตกุล",
    "school": "โรงเรียนสหายวิทย์",
  },
  {
    "id": 1155,
    "name": "จิรเสกข์ แขสีสุก",
    "school": "โรงเรียนหาดสำราญ",
  },
  {
    "id": 1221,
    "name": "จุฑาทิพย์ หนอกกระโทก",
    "school": "โรงเรียนวัดไทรโพธิ์งาม",
  },
  {
    "id": 941,
    "name": "จุฑาทิพย์ แขสีสุก",
    "school": "โรงเรียนเขาพระทอง",
  },
  {
    "id": 2758,
    "name": "จุฑาพัตธน์ ดำใส",
    "school": "โรงเรียนบ้านบางหยด",
  },
  {
    "id": 1514,
    "name": "จุฑามาส บางพิมาย",
    "school": "โรงเรียนอนุบาลตรัง",
  },
  {
    "id": 159,
    "name": "จุไรรัตน์ หนอกนอก",
    "school": "โรงเรียนมัธยมวีรศิลปิน",
  },
  {
    "id": 526,
    "name": "ฉัตร เจียวค้างพลู",
    "school": "โรงเรียนปทุมคงคาอนุสรณ์",
  },
  {
    "id": 123,
    "name": "ชนัดดา เทพหัสดิน-นรินทรางกูร",
    "school": "โรงเรียนอนุบาลพัทลุง",
  },
  {
    "id": 485,
    "name": "ชนิธาดา กีรติวัฒนานุศาสน์",
    "school": "โรงเรียนบ้านนาข่า",
  },
  {
    "id": 2020,
    "name": "ชลธานี หนอกนอก",
    "school": "โรงเรียนวัดดอนตรอ",
  },
  {
    "id": 439,
    "name": "ชลลดา หนอกสีสุก",
    "school": "โรงเรียนวัดท่าแซ",
  },
  {
    "id": 2487,
    "name": "ช่อแก้ว วงศา",
    "school": "โรงเรียนบ้านหาดงาม",
  },
  {
    "id": 1517,
    "name": "ชัชชวาลย์ แซ่หลี่",
    "school": "โรงเรียนชะอวดวิทยาคาร",
  },
  {
    "id": 1331,
    "name": "ชาญชล เจียวจันทึก",
    "school": "โรงเรียนบ้านทำเนียบ",
  },
  {
    "id": 1494,
    "name": "ชานน วัชโรทัย",
    "school": "โรงเรียนบ้านหนองราโพ",
  },
  {
    "id": 1442,
    "name": "ชุรีภรณ์ จินดาพล",
    "school": "โรงเรียนบ้านควนดินแดง",
  },
  {
    "id": 2376,
    "name": "ชุรีภรณ์ เกิดกระโทก",
    "school": "โรงเรียนบ้านลิพอน",
  },
  {
    "id": 1721,
    "name": "ชุลีพร เกตุนอก",
    "school": "โรงเรียนท่านครญาณวโรภาสอุทิศ",
  },
  {
    "id": 2141,
    "name": "ชไมพร นรินทรกุล",
    "school": "โรงเรียนชุมชนบ้านตะลุโบะ",
  },
  {
    "id": 277,
    "name": "ซัยนับ มธุรส",
    "school": "โรงเรียนวัดสามพัน",
  },
  {
    "id": 760,
    "name": "ซีตีรอกีเยาะ สุจริตกุล",
    "school": "โรงเรียนวัดป่าระกำเหนือ",
  },
  {
    "id": 203,
    "name": "ซุกรี แซ่หวง",
    "school": "โรงเรียนบ้านสาคู",
  },
  {
    "id": 687,
    "name": "ซูลฟีย์ เทิบพิมาย",
    "school": "โรงเรียนบ้านน้ำเย็น",
  },
  {
    "id": 362,
    "name": "ซูไรฮา แขพิมาย",
    "school": "โรงเรียนอนุบาลวิเชียรรัตน์",
  },
  {
    "id": 546,
    "name": "ฌาณปรีชา หนอกกระโทก",
    "school": "โรงเรียนบ้านบางนอน",
  },
  {
    "id": 1049,
    "name": "ญาณภัทร มนตรีกุล",
    "school": "โรงเรียนบ้านเกาะเต่า",
  },
  {
    "id": 575,
    "name": "ญาณภัทร หยูด้วง",
    "school": "โรงเรียนเทศบาลวัดขจรรังสรรค์",
  },
  {
    "id": 1229,
    "name": "ญาณิศา สุจริตกุล",
    "school": "โรงเรียนบ้านไสมะม่วง",
  },
  {
    "id": 2363,
    "name": "ญาดา เกิดนอก",
    "school": "โรงเรียนบ้านกาเด็ง",
  },
  {
    "id": 1545,
    "name": "ญานิกา งามพิมาย",
    "school": "โรงเรียนวัดวังขรี",
  },
  {
    "id": 2571,
    "name": "ฐานทัต มณีค้างพลู",
    "school": "โรงเรียนบ้านด่าน",
  },
  {
    "id": 1190,
    "name": "ฐิตินันท์ แขพิมาย",
    "school": "โรงเรียนมัธยมวัดควนวิเศษมูลนิธิ",
  },
  {
    "id": 2681,
    "name": "ฑิตฐิตา เทพหัสดิน-บางพิมาย",
    "school": "โรงเรียนจันดีพิทยาคม",
  },
  {
    "id": 1382,
    "name": "ณชธฤต เทิบสีสุก",
    "school": "โรงเรียนบ้านหานเพชร",
  },
  {
    "id": 1141,
    "name": "ณภัสร์ประภา แขนอก",
    "school": "โรงเรียนบ้านกูจิงลือปะ",
  },
  {
    "id": 2817,
    "name": "ณรงค์ฤทธิ์ บางค้างพลู",
    "school": "โรงเรียนบ้านบือยอง",
  },
  {
    "id": 1991,
    "name": "ณรงค์ฤทธิ์ เกตุสีสุก",
    "school": "โรงเรียนบ้านสุโสะ",
  },
  {
    "id": 2037,
    "name": "ณัชกานต์ มนตรีกุล",
    "school": "โรงเรียนบ้านเทพา",
  },
  {
    "id": 1543,
    "name": "ณัชกานต์ เจียวพิมาย",
    "school": "โรงเรียนวัดโบสถ์",
  },
  {
    "id": 993,
    "name": "ณัชชา ฮะมงคล",
    "school": "โรงเรียนบ้านเกาะไทร",
  },
  {
    "id": 2739,
    "name": "ณัฎฐกร หยูด้วง",
    "school": "โรงเรียนบ้านเล็บกะรอก",
  },
  {
    "id": 2360,
    "name": "ณัฏฐ์รดา วงศ์กระโทก",
    "school": "โรงเรียนวัดศรีรัตนาราม",
  },
  {
    "id": 1173,
    "name": "ณัฏฐ์รดา แซ่หลิน",
    "school": "โรงเรียนวัดท่าสำเภาใต้",
  },
  {
    "id": 1971,
    "name": "ณัฐชนน สมศักดิ์",
    "school": "โรงเรียนเยาววิทย์",
  },
  {
    "id": 2840,
    "name": "ณัฐธนชัย หนอกสีสุก",
    "school": "โรงเรียนบ้านปะกาลือสง",
  },
  {
    "id": 1765,
    "name": "ณัฐพงศ์ เกิดสีสุก",
    "school": "โรงเรียนบ้านกาลูบี",
  },
  {
    "id": 1401,
    "name": "ณัฐพงศ์ เพื่อนรักษ์",
    "school": "โรงเรียนวัดเถลิงกิตติยาราม",
  },
  {
    "id": 2245,
    "name": "ณัฐพร วงศ์กระโทก",
    "school": "โรงเรียนวัดขนาบนาก",
  },
]
`;
